   1               		.file	"app.c"
   2               	__SP_H__ = 0x3e
   3               	__SP_L__ = 0x3d
   4               	__SREG__ = 0x3f
   5               	__tmp_reg__ = 0
   6               	__zero_reg__ = 1
   8               		.text
   9               	.Ltext0:
 124               	.global	app_init
 126               	app_init:
   1:/Users/emil/OneDrive - HTBLA Kaindorf/Zweiradprüfstand/Software/Zweiradpruefstand/Zweiradpruefstand_AVR/Zweiradpruefstand_AVR/app.c **** #include "global.h"
   2:/Users/emil/OneDrive - HTBLA Kaindorf/Zweiradprüfstand/Software/Zweiradpruefstand/Zweiradpruefstand_AVR/Zweiradpruefstand_AVR/app.c **** 
   3:/Users/emil/OneDrive - HTBLA Kaindorf/Zweiradprüfstand/Software/Zweiradpruefstand/Zweiradpruefstand_AVR/Zweiradpruefstand_AVR/app.c **** #include <stdio.h>
   4:/Users/emil/OneDrive - HTBLA Kaindorf/Zweiradprüfstand/Software/Zweiradpruefstand/Zweiradpruefstand_AVR/Zweiradpruefstand_AVR/app.c **** #include <string.h>
   5:/Users/emil/OneDrive - HTBLA Kaindorf/Zweiradprüfstand/Software/Zweiradpruefstand/Zweiradpruefstand_AVR/Zweiradpruefstand_AVR/app.c **** 
   6:/Users/emil/OneDrive - HTBLA Kaindorf/Zweiradprüfstand/Software/Zweiradpruefstand/Zweiradpruefstand_AVR/Zweiradpruefstand_AVR/app.c **** #include <avr/io.h>
   7:/Users/emil/OneDrive - HTBLA Kaindorf/Zweiradprüfstand/Software/Zweiradpruefstand/Zweiradpruefstand_AVR/Zweiradpruefstand_AVR/app.c **** #include <avr/interrupt.h>
   8:/Users/emil/OneDrive - HTBLA Kaindorf/Zweiradprüfstand/Software/Zweiradpruefstand/Zweiradpruefstand_AVR/Zweiradpruefstand_AVR/app.c **** #include <util/delay.h>
   9:/Users/emil/OneDrive - HTBLA Kaindorf/Zweiradprüfstand/Software/Zweiradpruefstand/Zweiradpruefstand_AVR/Zweiradpruefstand_AVR/app.c **** 
  10:/Users/emil/OneDrive - HTBLA Kaindorf/Zweiradprüfstand/Software/Zweiradpruefstand/Zweiradpruefstand_AVR/Zweiradpruefstand_AVR/app.c **** #include "app.h"
  11:/Users/emil/OneDrive - HTBLA Kaindorf/Zweiradprüfstand/Software/Zweiradpruefstand/Zweiradpruefstand_AVR/Zweiradpruefstand_AVR/app.c **** #include "mon.h"
  12:/Users/emil/OneDrive - HTBLA Kaindorf/Zweiradprüfstand/Software/Zweiradpruefstand/Zweiradpruefstand_AVR/Zweiradpruefstand_AVR/app.c **** #include "sys.h"
  13:/Users/emil/OneDrive - HTBLA Kaindorf/Zweiradprüfstand/Software/Zweiradpruefstand/Zweiradpruefstand_AVR/Zweiradpruefstand_AVR/app.c **** 
  14:/Users/emil/OneDrive - HTBLA Kaindorf/Zweiradprüfstand/Software/Zweiradpruefstand/Zweiradpruefstand_AVR/Zweiradpruefstand_AVR/app.c **** // defines
  15:/Users/emil/OneDrive - HTBLA Kaindorf/Zweiradprüfstand/Software/Zweiradpruefstand/Zweiradpruefstand_AVR/Zweiradpruefstand_AVR/app.c **** // ...
  16:/Users/emil/OneDrive - HTBLA Kaindorf/Zweiradprüfstand/Software/Zweiradpruefstand/Zweiradpruefstand_AVR/Zweiradpruefstand_AVR/app.c **** 
  17:/Users/emil/OneDrive - HTBLA Kaindorf/Zweiradprüfstand/Software/Zweiradpruefstand/Zweiradpruefstand_AVR/Zweiradpruefstand_AVR/app.c **** 
  18:/Users/emil/OneDrive - HTBLA Kaindorf/Zweiradprüfstand/Software/Zweiradpruefstand/Zweiradpruefstand_AVR/Zweiradpruefstand_AVR/app.c **** // declarations and definations
  19:/Users/emil/OneDrive - HTBLA Kaindorf/Zweiradprüfstand/Software/Zweiradpruefstand/Zweiradpruefstand_AVR/Zweiradpruefstand_AVR/app.c **** 
  20:/Users/emil/OneDrive - HTBLA Kaindorf/Zweiradprüfstand/Software/Zweiradpruefstand/Zweiradpruefstand_AVR/Zweiradpruefstand_AVR/app.c **** volatile struct App app;
  21:/Users/emil/OneDrive - HTBLA Kaindorf/Zweiradprüfstand/Software/Zweiradpruefstand/Zweiradpruefstand_AVR/Zweiradpruefstand_AVR/app.c **** 
  22:/Users/emil/OneDrive - HTBLA Kaindorf/Zweiradprüfstand/Software/Zweiradpruefstand/Zweiradpruefstand_AVR/Zweiradpruefstand_AVR/app.c **** 
  23:/Users/emil/OneDrive - HTBLA Kaindorf/Zweiradprüfstand/Software/Zweiradpruefstand/Zweiradpruefstand_AVR/Zweiradpruefstand_AVR/app.c **** // functions
  24:/Users/emil/OneDrive - HTBLA Kaindorf/Zweiradprüfstand/Software/Zweiradpruefstand/Zweiradpruefstand_AVR/Zweiradpruefstand_AVR/app.c **** 
  25:/Users/emil/OneDrive - HTBLA Kaindorf/Zweiradprüfstand/Software/Zweiradpruefstand/Zweiradpruefstand_AVR/Zweiradpruefstand_AVR/app.c **** 
  26:/Users/emil/OneDrive - HTBLA Kaindorf/Zweiradprüfstand/Software/Zweiradpruefstand/Zweiradpruefstand_AVR/Zweiradpruefstand_AVR/app.c **** void app_init (void)
  27:/Users/emil/OneDrive - HTBLA Kaindorf/Zweiradprüfstand/Software/Zweiradpruefstand/Zweiradpruefstand_AVR/Zweiradpruefstand_AVR/app.c **** {
 128               	.LM0:
 129               	.LFBB1:
 130               	/* prologue: function */
 131               	/* frame size = 0 */
 132               	/* stack size = 0 */
 133               	.L__stack_usage = 0
  28:/Users/emil/OneDrive - HTBLA Kaindorf/Zweiradprüfstand/Software/Zweiradpruefstand/Zweiradpruefstand_AVR/Zweiradpruefstand_AVR/app.c ****     memset((void *)&app, 0, sizeof(app));
 135               	.LM1:
 136 0000 1092 0000 		sts app,__zero_reg__
 137 0004 0895      		ret
 139               	.Lscope1:
 141               	.global	app_main
 143               	app_main:
  29:/Users/emil/OneDrive - HTBLA Kaindorf/Zweiradprüfstand/Software/Zweiradpruefstand/Zweiradpruefstand_AVR/Zweiradpruefstand_AVR/app.c **** }
  30:/Users/emil/OneDrive - HTBLA Kaindorf/Zweiradprüfstand/Software/Zweiradpruefstand/Zweiradpruefstand_AVR/Zweiradpruefstand_AVR/app.c **** 
  31:/Users/emil/OneDrive - HTBLA Kaindorf/Zweiradprüfstand/Software/Zweiradpruefstand/Zweiradpruefstand_AVR/Zweiradpruefstand_AVR/app.c **** 
  32:/Users/emil/OneDrive - HTBLA Kaindorf/Zweiradprüfstand/Software/Zweiradpruefstand/Zweiradpruefstand_AVR/Zweiradpruefstand_AVR/app.c **** //--------------------------------------------------------
  33:/Users/emil/OneDrive - HTBLA Kaindorf/Zweiradprüfstand/Software/Zweiradpruefstand/Zweiradpruefstand_AVR/Zweiradpruefstand_AVR/app.c **** 
  34:/Users/emil/OneDrive - HTBLA Kaindorf/Zweiradprüfstand/Software/Zweiradpruefstand/Zweiradpruefstand_AVR/Zweiradpruefstand_AVR/app.c **** void app_main (void)
  35:/Users/emil/OneDrive - HTBLA Kaindorf/Zweiradprüfstand/Software/Zweiradpruefstand/Zweiradpruefstand_AVR/Zweiradpruefstand_AVR/app.c **** {
 145               	.LM2:
 146               	.LFBB2:
 147               	/* prologue: function */
 148               	/* frame size = 0 */
 149               	/* stack size = 0 */
 150               	.L__stack_usage = 0
 151 0006 0895      		ret
 153               	.Lscope2:
 155               	.global	app_task_1ms
 157               	app_task_1ms:
  36:/Users/emil/OneDrive - HTBLA Kaindorf/Zweiradprüfstand/Software/Zweiradpruefstand/Zweiradpruefstand_AVR/Zweiradpruefstand_AVR/app.c ****     
  37:/Users/emil/OneDrive - HTBLA Kaindorf/Zweiradprüfstand/Software/Zweiradpruefstand/Zweiradpruefstand_AVR/Zweiradpruefstand_AVR/app.c **** }
  38:/Users/emil/OneDrive - HTBLA Kaindorf/Zweiradprüfstand/Software/Zweiradpruefstand/Zweiradpruefstand_AVR/Zweiradpruefstand_AVR/app.c **** 
  39:/Users/emil/OneDrive - HTBLA Kaindorf/Zweiradprüfstand/Software/Zweiradpruefstand/Zweiradpruefstand_AVR/Zweiradpruefstand_AVR/app.c **** //--------------------------------------------------------
  40:/Users/emil/OneDrive - HTBLA Kaindorf/Zweiradprüfstand/Software/Zweiradpruefstand/Zweiradpruefstand_AVR/Zweiradpruefstand_AVR/app.c **** 
  41:/Users/emil/OneDrive - HTBLA Kaindorf/Zweiradprüfstand/Software/Zweiradpruefstand/Zweiradpruefstand_AVR/Zweiradpruefstand_AVR/app.c **** void app_task_1ms (void) {}
 159               	.LM3:
 160               	.LFBB3:
 161               	/* prologue: function */
 162               	/* frame size = 0 */
 163               	/* stack size = 0 */
 164               	.L__stack_usage = 0
 165 0008 0895      		ret
 167               	.Lscope3:
 169               	.global	app_task_2ms
 171               	app_task_2ms:
  42:/Users/emil/OneDrive - HTBLA Kaindorf/Zweiradprüfstand/Software/Zweiradpruefstand/Zweiradpruefstand_AVR/Zweiradpruefstand_AVR/app.c **** void app_task_2ms (void) {}
 173               	.LM4:
 174               	.LFBB4:
 175               	/* prologue: function */
 176               	/* frame size = 0 */
 177               	/* stack size = 0 */
 178               	.L__stack_usage = 0
 179 000a 0895      		ret
 181               	.Lscope4:
 183               	.global	app_task_4ms
 185               	app_task_4ms:
  43:/Users/emil/OneDrive - HTBLA Kaindorf/Zweiradprüfstand/Software/Zweiradpruefstand/Zweiradpruefstand_AVR/Zweiradpruefstand_AVR/app.c **** void app_task_4ms (void) {}
 187               	.LM5:
 188               	.LFBB5:
 189               	/* prologue: function */
 190               	/* frame size = 0 */
 191               	/* stack size = 0 */
 192               	.L__stack_usage = 0
 193 000c 0895      		ret
 195               	.Lscope5:
 197               	.global	app_task_8ms
 199               	app_task_8ms:
  44:/Users/emil/OneDrive - HTBLA Kaindorf/Zweiradprüfstand/Software/Zweiradpruefstand/Zweiradpruefstand_AVR/Zweiradpruefstand_AVR/app.c **** void app_task_8ms (void) {}
 201               	.LM6:
 202               	.LFBB6:
 203               	/* prologue: function */
 204               	/* frame size = 0 */
 205               	/* stack size = 0 */
 206               	.L__stack_usage = 0
 207 000e 0895      		ret
 209               	.Lscope6:
 211               	.global	app_task_16ms
 213               	app_task_16ms:
  45:/Users/emil/OneDrive - HTBLA Kaindorf/Zweiradprüfstand/Software/Zweiradpruefstand/Zweiradpruefstand_AVR/Zweiradpruefstand_AVR/app.c **** void app_task_16ms (void) {}
 215               	.LM7:
 216               	.LFBB7:
 217               	/* prologue: function */
 218               	/* frame size = 0 */
 219               	/* stack size = 0 */
 220               	.L__stack_usage = 0
 221 0010 0895      		ret
 223               	.Lscope7:
 225               	.global	app_task_32ms
 227               	app_task_32ms:
  46:/Users/emil/OneDrive - HTBLA Kaindorf/Zweiradprüfstand/Software/Zweiradpruefstand/Zweiradpruefstand_AVR/Zweiradpruefstand_AVR/app.c **** void app_task_32ms (void) {}
 229               	.LM8:
 230               	.LFBB8:
 231               	/* prologue: function */
 232               	/* frame size = 0 */
 233               	/* stack size = 0 */
 234               	.L__stack_usage = 0
 235 0012 0895      		ret
 237               	.Lscope8:
 239               	.global	app_task_64ms
 241               	app_task_64ms:
  47:/Users/emil/OneDrive - HTBLA Kaindorf/Zweiradprüfstand/Software/Zweiradpruefstand/Zweiradpruefstand_AVR/Zweiradpruefstand_AVR/app.c **** void app_task_64ms (void) {}
 243               	.LM9:
 244               	.LFBB9:
 245               	/* prologue: function */
 246               	/* frame size = 0 */
 247               	/* stack size = 0 */
 248               	.L__stack_usage = 0
 249 0014 0895      		ret
 251               	.Lscope9:
 253               	.global	app_task_128ms
 255               	app_task_128ms:
  48:/Users/emil/OneDrive - HTBLA Kaindorf/Zweiradprüfstand/Software/Zweiradpruefstand/Zweiradpruefstand_AVR/Zweiradpruefstand_AVR/app.c **** void app_task_128ms (void) {}
 257               	.LM10:
 258               	.LFBB10:
 259               	/* prologue: function */
 260               	/* frame size = 0 */
 261               	/* stack size = 0 */
 262               	.L__stack_usage = 0
 263 0016 0895      		ret
 265               	.Lscope10:
 266               		.comm	app,1,1
 269               	.Letext0:
 270               		.ident	"GCC: (GNU) 4.8.1"
 271               	.global __do_clear_bss
DEFINED SYMBOLS
                            *ABS*:00000000 app.c
/var/folders/n0/nrv0hhms1cx0j69_hx06fj7r0000gn/T//ccGIBV3G.s:2      *ABS*:0000003e __SP_H__
/var/folders/n0/nrv0hhms1cx0j69_hx06fj7r0000gn/T//ccGIBV3G.s:3      *ABS*:0000003d __SP_L__
/var/folders/n0/nrv0hhms1cx0j69_hx06fj7r0000gn/T//ccGIBV3G.s:4      *ABS*:0000003f __SREG__
/var/folders/n0/nrv0hhms1cx0j69_hx06fj7r0000gn/T//ccGIBV3G.s:5      *ABS*:00000000 __tmp_reg__
/var/folders/n0/nrv0hhms1cx0j69_hx06fj7r0000gn/T//ccGIBV3G.s:6      *ABS*:00000001 __zero_reg__
/var/folders/n0/nrv0hhms1cx0j69_hx06fj7r0000gn/T//ccGIBV3G.s:126    .text:00000000 app_init
                            *COM*:00000001 app
/var/folders/n0/nrv0hhms1cx0j69_hx06fj7r0000gn/T//ccGIBV3G.s:143    .text:00000006 app_main
/var/folders/n0/nrv0hhms1cx0j69_hx06fj7r0000gn/T//ccGIBV3G.s:157    .text:00000008 app_task_1ms
/var/folders/n0/nrv0hhms1cx0j69_hx06fj7r0000gn/T//ccGIBV3G.s:171    .text:0000000a app_task_2ms
/var/folders/n0/nrv0hhms1cx0j69_hx06fj7r0000gn/T//ccGIBV3G.s:185    .text:0000000c app_task_4ms
/var/folders/n0/nrv0hhms1cx0j69_hx06fj7r0000gn/T//ccGIBV3G.s:199    .text:0000000e app_task_8ms
/var/folders/n0/nrv0hhms1cx0j69_hx06fj7r0000gn/T//ccGIBV3G.s:213    .text:00000010 app_task_16ms
/var/folders/n0/nrv0hhms1cx0j69_hx06fj7r0000gn/T//ccGIBV3G.s:227    .text:00000012 app_task_32ms
/var/folders/n0/nrv0hhms1cx0j69_hx06fj7r0000gn/T//ccGIBV3G.s:241    .text:00000014 app_task_64ms
/var/folders/n0/nrv0hhms1cx0j69_hx06fj7r0000gn/T//ccGIBV3G.s:255    .text:00000016 app_task_128ms

UNDEFINED SYMBOLS
__do_clear_bss
