   1               		.file	"main.c"
   2               	__SP_H__ = 0x3e
   3               	__SP_L__ = 0x3d
   4               	__SREG__ = 0x3f
   5               	__tmp_reg__ = 0
   6               	__zero_reg__ = 1
   8               		.text
   9               	.Ltext0:
 123               		.section	.text.startup,"ax",@progbits
 125               	.global	main
 127               	main:
   1:/Users/emil/OneDrive - HTBLA Kaindorf/Zweiradprüfstand/Software/Zweiradpruefstand/Zweiradpruefstand_AVR/Zweiradpruefstand_AVR/main.c **** //***********************************************************************
   2:/Users/emil/OneDrive - HTBLA Kaindorf/Zweiradprüfstand/Software/Zweiradpruefstand/Zweiradpruefstand_AVR/Zweiradpruefstand_AVR/main.c **** // AIIT Template Level 4
   3:/Users/emil/OneDrive - HTBLA Kaindorf/Zweiradprüfstand/Software/Zweiradpruefstand/Zweiradpruefstand_AVR/Zweiradpruefstand_AVR/main.c **** // ----------------------------------------------------------------------
   4:/Users/emil/OneDrive - HTBLA Kaindorf/Zweiradprüfstand/Software/Zweiradpruefstand/Zweiradpruefstand_AVR/Zweiradpruefstand_AVR/main.c **** // Description:
   5:/Users/emil/OneDrive - HTBLA Kaindorf/Zweiradprüfstand/Software/Zweiradpruefstand/Zweiradpruefstand_AVR/Zweiradpruefstand_AVR/main.c **** //   UART-Support, Timer, Task-System, 7-Segment-Support, LCD-Support
   6:/Users/emil/OneDrive - HTBLA Kaindorf/Zweiradprüfstand/Software/Zweiradpruefstand/Zweiradpruefstand_AVR/Zweiradpruefstand_AVR/main.c **** //   System-Monitor with command line interface and line-monitor
   7:/Users/emil/OneDrive - HTBLA Kaindorf/Zweiradprüfstand/Software/Zweiradpruefstand/Zweiradpruefstand_AVR/Zweiradpruefstand_AVR/main.c **** // ----------------------------------------------------------------------
   8:/Users/emil/OneDrive - HTBLA Kaindorf/Zweiradprüfstand/Software/Zweiradpruefstand/Zweiradpruefstand_AVR/Zweiradpruefstand_AVR/main.c **** // Created: Aug 23, 2016 (SX)
   9:/Users/emil/OneDrive - HTBLA Kaindorf/Zweiradprüfstand/Software/Zweiradpruefstand/Zweiradpruefstand_AVR/Zweiradpruefstand_AVR/main.c **** // ----------------------------------------------------------------------
  10:/Users/emil/OneDrive - HTBLA Kaindorf/Zweiradprüfstand/Software/Zweiradpruefstand/Zweiradpruefstand_AVR/Zweiradpruefstand_AVR/main.c **** // Program with ...
  11:/Users/emil/OneDrive - HTBLA Kaindorf/Zweiradprüfstand/Software/Zweiradpruefstand/Zweiradpruefstand_AVR/Zweiradpruefstand_AVR/main.c **** // mkII:   avrdude -c avrisp2 -p m328p -P usb -U flash:w:arduino.elf.hex:i
  12:/Users/emil/OneDrive - HTBLA Kaindorf/Zweiradprüfstand/Software/Zweiradpruefstand/Zweiradpruefstand_AVR/Zweiradpruefstand_AVR/main.c **** // STK500: avrdude -c stk500v2 -p m328p -P /dev/ttyUSBx -U flash:w:arduino.elf.hex:i
  13:/Users/emil/OneDrive - HTBLA Kaindorf/Zweiradprüfstand/Software/Zweiradpruefstand/Zweiradpruefstand_AVR/Zweiradpruefstand_AVR/main.c **** // USBASP: avrdude -c usbasp -p m328p -U flash:w:arduino.elf.hex:i
  14:/Users/emil/OneDrive - HTBLA Kaindorf/Zweiradprüfstand/Software/Zweiradpruefstand/Zweiradpruefstand_AVR/Zweiradpruefstand_AVR/main.c **** //***********************************************************************
  15:/Users/emil/OneDrive - HTBLA Kaindorf/Zweiradprüfstand/Software/Zweiradpruefstand/Zweiradpruefstand_AVR/Zweiradpruefstand_AVR/main.c **** 
  16:/Users/emil/OneDrive - HTBLA Kaindorf/Zweiradprüfstand/Software/Zweiradpruefstand/Zweiradpruefstand_AVR/Zweiradpruefstand_AVR/main.c **** #include "global.h"
  17:/Users/emil/OneDrive - HTBLA Kaindorf/Zweiradprüfstand/Software/Zweiradpruefstand/Zweiradpruefstand_AVR/Zweiradpruefstand_AVR/main.c **** 
  18:/Users/emil/OneDrive - HTBLA Kaindorf/Zweiradprüfstand/Software/Zweiradpruefstand/Zweiradpruefstand_AVR/Zweiradpruefstand_AVR/main.c **** #include <stdio.h>
  19:/Users/emil/OneDrive - HTBLA Kaindorf/Zweiradprüfstand/Software/Zweiradpruefstand/Zweiradpruefstand_AVR/Zweiradpruefstand_AVR/main.c **** #include <string.h>
  20:/Users/emil/OneDrive - HTBLA Kaindorf/Zweiradprüfstand/Software/Zweiradpruefstand/Zweiradpruefstand_AVR/Zweiradpruefstand_AVR/main.c **** 
  21:/Users/emil/OneDrive - HTBLA Kaindorf/Zweiradprüfstand/Software/Zweiradpruefstand/Zweiradpruefstand_AVR/Zweiradpruefstand_AVR/main.c **** #include <avr/io.h>
  22:/Users/emil/OneDrive - HTBLA Kaindorf/Zweiradprüfstand/Software/Zweiradpruefstand/Zweiradpruefstand_AVR/Zweiradpruefstand_AVR/main.c **** #include <avr/interrupt.h>
  23:/Users/emil/OneDrive - HTBLA Kaindorf/Zweiradprüfstand/Software/Zweiradpruefstand/Zweiradpruefstand_AVR/Zweiradpruefstand_AVR/main.c **** #include <util/delay.h>
  24:/Users/emil/OneDrive - HTBLA Kaindorf/Zweiradprüfstand/Software/Zweiradpruefstand/Zweiradpruefstand_AVR/Zweiradpruefstand_AVR/main.c **** #include <avr/pgmspace.h>
  25:/Users/emil/OneDrive - HTBLA Kaindorf/Zweiradprüfstand/Software/Zweiradpruefstand/Zweiradpruefstand_AVR/Zweiradpruefstand_AVR/main.c **** 
  26:/Users/emil/OneDrive - HTBLA Kaindorf/Zweiradprüfstand/Software/Zweiradpruefstand/Zweiradpruefstand_AVR/Zweiradpruefstand_AVR/main.c **** #include "sys.h"
  27:/Users/emil/OneDrive - HTBLA Kaindorf/Zweiradprüfstand/Software/Zweiradpruefstand/Zweiradpruefstand_AVR/Zweiradpruefstand_AVR/main.c **** #include "app.h"
  28:/Users/emil/OneDrive - HTBLA Kaindorf/Zweiradprüfstand/Software/Zweiradpruefstand/Zweiradpruefstand_AVR/Zweiradpruefstand_AVR/main.c **** #include "mon.h"
  29:/Users/emil/OneDrive - HTBLA Kaindorf/Zweiradprüfstand/Software/Zweiradpruefstand/Zweiradpruefstand_AVR/Zweiradpruefstand_AVR/main.c **** 
  30:/Users/emil/OneDrive - HTBLA Kaindorf/Zweiradprüfstand/Software/Zweiradpruefstand/Zweiradpruefstand_AVR/Zweiradpruefstand_AVR/main.c **** // defines
  31:/Users/emil/OneDrive - HTBLA Kaindorf/Zweiradprüfstand/Software/Zweiradpruefstand/Zweiradpruefstand_AVR/Zweiradpruefstand_AVR/main.c **** // ...
  32:/Users/emil/OneDrive - HTBLA Kaindorf/Zweiradprüfstand/Software/Zweiradpruefstand/Zweiradpruefstand_AVR/Zweiradpruefstand_AVR/main.c **** 
  33:/Users/emil/OneDrive - HTBLA Kaindorf/Zweiradprüfstand/Software/Zweiradpruefstand/Zweiradpruefstand_AVR/Zweiradpruefstand_AVR/main.c **** // declarations and definations
  34:/Users/emil/OneDrive - HTBLA Kaindorf/Zweiradprüfstand/Software/Zweiradpruefstand/Zweiradpruefstand_AVR/Zweiradpruefstand_AVR/main.c **** // ...
  35:/Users/emil/OneDrive - HTBLA Kaindorf/Zweiradprüfstand/Software/Zweiradpruefstand/Zweiradpruefstand_AVR/Zweiradpruefstand_AVR/main.c **** 
  36:/Users/emil/OneDrive - HTBLA Kaindorf/Zweiradprüfstand/Software/Zweiradpruefstand/Zweiradpruefstand_AVR/Zweiradpruefstand_AVR/main.c **** // constants located in program flash
  37:/Users/emil/OneDrive - HTBLA Kaindorf/Zweiradprüfstand/Software/Zweiradpruefstand/Zweiradpruefstand_AVR/Zweiradpruefstand_AVR/main.c **** const char FLASHSTRING_WELCOME[] PROGMEM = "\n\rProgramm ?? ";
  38:/Users/emil/OneDrive - HTBLA Kaindorf/Zweiradprüfstand/Software/Zweiradpruefstand/Zweiradpruefstand_AVR/Zweiradpruefstand_AVR/main.c **** const char FLASHSTRING_DATE[] PROGMEM = __DATE__;
  39:/Users/emil/OneDrive - HTBLA Kaindorf/Zweiradprüfstand/Software/Zweiradpruefstand/Zweiradpruefstand_AVR/Zweiradpruefstand_AVR/main.c **** const char FLASHSTRING_TIME[] PROGMEM = __TIME__;
  40:/Users/emil/OneDrive - HTBLA Kaindorf/Zweiradprüfstand/Software/Zweiradpruefstand/Zweiradpruefstand_AVR/Zweiradpruefstand_AVR/main.c **** 
  41:/Users/emil/OneDrive - HTBLA Kaindorf/Zweiradprüfstand/Software/Zweiradpruefstand/Zweiradpruefstand_AVR/Zweiradpruefstand_AVR/main.c **** 
  42:/Users/emil/OneDrive - HTBLA Kaindorf/Zweiradprüfstand/Software/Zweiradpruefstand/Zweiradpruefstand_AVR/Zweiradpruefstand_AVR/main.c **** int main (void)
  43:/Users/emil/OneDrive - HTBLA Kaindorf/Zweiradprüfstand/Software/Zweiradpruefstand/Zweiradpruefstand_AVR/Zweiradpruefstand_AVR/main.c **** {
 129               	.LM0:
 130               	.LFBB1:
 131               	/* prologue: function */
 132               	/* frame size = 0 */
 133               	/* stack size = 0 */
 134               	.L__stack_usage = 0
  44:/Users/emil/OneDrive - HTBLA Kaindorf/Zweiradprüfstand/Software/Zweiradpruefstand/Zweiradpruefstand_AVR/Zweiradpruefstand_AVR/main.c ****     sys_init();
 136               	.LM1:
 137 0000 0E94 0000 		call sys_init
  45:/Users/emil/OneDrive - HTBLA Kaindorf/Zweiradprüfstand/Software/Zweiradpruefstand/Zweiradpruefstand_AVR/Zweiradpruefstand_AVR/main.c ****     app_init();
 139               	.LM2:
 140 0004 0E94 0000 		call app_init
  46:/Users/emil/OneDrive - HTBLA Kaindorf/Zweiradprüfstand/Software/Zweiradpruefstand/Zweiradpruefstand_AVR/Zweiradpruefstand_AVR/main.c **** #ifdef GLOBAL_MONITOR
  47:/Users/emil/OneDrive - HTBLA Kaindorf/Zweiradprüfstand/Software/Zweiradpruefstand/Zweiradpruefstand_AVR/Zweiradpruefstand_AVR/main.c ****     mon_init();
 142               	.LM3:
 143 0008 0E94 0000 		call mon_init
  48:/Users/emil/OneDrive - HTBLA Kaindorf/Zweiradprüfstand/Software/Zweiradpruefstand/Zweiradpruefstand_AVR/Zweiradpruefstand_AVR/main.c **** #endif
  49:/Users/emil/OneDrive - HTBLA Kaindorf/Zweiradprüfstand/Software/Zweiradpruefstand/Zweiradpruefstand_AVR/Zweiradpruefstand_AVR/main.c ****     sys_printString_P(FLASHSTRING_WELCOME);
 145               	.LM4:
 146 000c 80E0      		ldi r24,lo8(FLASHSTRING_WELCOME)
 147 000e 90E0      		ldi r25,hi8(FLASHSTRING_WELCOME)
 148 0010 0E94 0000 		call sys_printString_P
  50:/Users/emil/OneDrive - HTBLA Kaindorf/Zweiradprüfstand/Software/Zweiradpruefstand/Zweiradpruefstand_AVR/Zweiradpruefstand_AVR/main.c ****     sys_printString_P(FLASHSTRING_DATE);
 150               	.LM5:
 151 0014 80E0      		ldi r24,lo8(FLASHSTRING_DATE)
 152 0016 90E0      		ldi r25,hi8(FLASHSTRING_DATE)
 153 0018 0E94 0000 		call sys_printString_P
  51:/Users/emil/OneDrive - HTBLA Kaindorf/Zweiradprüfstand/Software/Zweiradpruefstand/Zweiradpruefstand_AVR/Zweiradpruefstand_AVR/main.c ****     printf(" ");
 155               	.LM6:
 156 001c 80E2      		ldi r24,lo8(32)
 157 001e 90E0      		ldi r25,0
 158 0020 0E94 0000 		call putchar
  52:/Users/emil/OneDrive - HTBLA Kaindorf/Zweiradprüfstand/Software/Zweiradpruefstand/Zweiradpruefstand_AVR/Zweiradpruefstand_AVR/main.c ****     sys_puts_P(FLASHSTRING_TIME);
 160               	.LM7:
 161 0024 80E0      		ldi r24,lo8(FLASHSTRING_TIME)
 162 0026 90E0      		ldi r25,hi8(FLASHSTRING_TIME)
 163 0028 0E94 0000 		call sys_puts_P
  53:/Users/emil/OneDrive - HTBLA Kaindorf/Zweiradprüfstand/Software/Zweiradpruefstand/Zweiradpruefstand_AVR/Zweiradpruefstand_AVR/main.c ****     
  54:/Users/emil/OneDrive - HTBLA Kaindorf/Zweiradprüfstand/Software/Zweiradpruefstand/Zweiradpruefstand_AVR/Zweiradpruefstand_AVR/main.c **** #ifdef GLOBAL_SURE_LCD
  55:/Users/emil/OneDrive - HTBLA Kaindorf/Zweiradprüfstand/Software/Zweiradpruefstand/Zweiradpruefstand_AVR/Zweiradpruefstand_AVR/main.c ****     printf("LCD ");
  56:/Users/emil/OneDrive - HTBLA Kaindorf/Zweiradprüfstand/Software/Zweiradpruefstand/Zweiradpruefstand_AVR/Zweiradpruefstand_AVR/main.c ****     if (sys.lcd.status==1)
  57:/Users/emil/OneDrive - HTBLA Kaindorf/Zweiradprüfstand/Software/Zweiradpruefstand/Zweiradpruefstand_AVR/Zweiradpruefstand_AVR/main.c ****     {
  58:/Users/emil/OneDrive - HTBLA Kaindorf/Zweiradprüfstand/Software/Zweiradpruefstand/Zweiradpruefstand_AVR/Zweiradpruefstand_AVR/main.c ****         printf("detected and ready to use\n");
  59:/Users/emil/OneDrive - HTBLA Kaindorf/Zweiradprüfstand/Software/Zweiradpruefstand/Zweiradpruefstand_AVR/Zweiradpruefstand_AVR/main.c ****         sys_lcd_putString("?? - ");
  60:/Users/emil/OneDrive - HTBLA Kaindorf/Zweiradprüfstand/Software/Zweiradpruefstand/Zweiradpruefstand_AVR/Zweiradpruefstand_AVR/main.c ****         sys_lcd_putString(__TIME__);
  61:/Users/emil/OneDrive - HTBLA Kaindorf/Zweiradprüfstand/Software/Zweiradpruefstand/Zweiradpruefstand_AVR/Zweiradpruefstand_AVR/main.c ****     }
  62:/Users/emil/OneDrive - HTBLA Kaindorf/Zweiradprüfstand/Software/Zweiradpruefstand/Zweiradpruefstand_AVR/Zweiradpruefstand_AVR/main.c ****     else
  63:/Users/emil/OneDrive - HTBLA Kaindorf/Zweiradprüfstand/Software/Zweiradpruefstand/Zweiradpruefstand_AVR/Zweiradpruefstand_AVR/main.c ****         printf("not ready (status=%d)\n", sys.lcd.status);
  64:/Users/emil/OneDrive - HTBLA Kaindorf/Zweiradprüfstand/Software/Zweiradpruefstand/Zweiradpruefstand_AVR/Zweiradpruefstand_AVR/main.c **** #endif // GLOBAL_SURE_LCD
  65:/Users/emil/OneDrive - HTBLA Kaindorf/Zweiradprüfstand/Software/Zweiradpruefstand/Zweiradpruefstand_AVR/Zweiradpruefstand_AVR/main.c ****     sys_newline();
 165               	.LM8:
 166 002c 0E94 0000 		call sys_newline
  66:/Users/emil/OneDrive - HTBLA Kaindorf/Zweiradprüfstand/Software/Zweiradpruefstand/Zweiradpruefstand_AVR/Zweiradpruefstand_AVR/main.c ****     
  67:/Users/emil/OneDrive - HTBLA Kaindorf/Zweiradprüfstand/Software/Zweiradpruefstand/Zweiradpruefstand_AVR/Zweiradpruefstand_AVR/main.c **** #ifdef GLOBAL_MONITOR
  68:/Users/emil/OneDrive - HTBLA Kaindorf/Zweiradprüfstand/Software/Zweiradpruefstand/Zweiradpruefstand_AVR/Zweiradpruefstand_AVR/main.c ****     printf(">");
 168               	.LM9:
 169 0030 8EE3      		ldi r24,lo8(62)
 170 0032 90E0      		ldi r25,0
 171 0034 0E94 0000 		call putchar
  69:/Users/emil/OneDrive - HTBLA Kaindorf/Zweiradprüfstand/Software/Zweiradpruefstand/Zweiradpruefstand_AVR/Zweiradpruefstand_AVR/main.c **** #endif
  70:/Users/emil/OneDrive - HTBLA Kaindorf/Zweiradprüfstand/Software/Zweiradpruefstand/Zweiradpruefstand_AVR/Zweiradpruefstand_AVR/main.c ****     
  71:/Users/emil/OneDrive - HTBLA Kaindorf/Zweiradprüfstand/Software/Zweiradpruefstand/Zweiradpruefstand_AVR/Zweiradpruefstand_AVR/main.c ****     // enable interrupt system
  72:/Users/emil/OneDrive - HTBLA Kaindorf/Zweiradprüfstand/Software/Zweiradpruefstand/Zweiradpruefstand_AVR/Zweiradpruefstand_AVR/main.c ****     sei();
 173               	.LM10:
 174               	/* #APP */
 175               	 ;  72 "/Users/emil/OneDrive - HTBLA Kaindorf/Zweiradprüfstand/Software/Zweiradpruefstand/Zweirad
 176 0038 7894      		sei
 177               	 ;  0 "" 2
 178               	/* #NOAPP */
 179               	.L2:
  73:/Users/emil/OneDrive - HTBLA Kaindorf/Zweiradprüfstand/Software/Zweiradpruefstand/Zweiradpruefstand_AVR/Zweiradpruefstand_AVR/main.c ****     
  74:/Users/emil/OneDrive - HTBLA Kaindorf/Zweiradprüfstand/Software/Zweiradpruefstand/Zweiradpruefstand_AVR/Zweiradpruefstand_AVR/main.c ****     while (1)
  75:/Users/emil/OneDrive - HTBLA Kaindorf/Zweiradprüfstand/Software/Zweiradpruefstand/Zweiradpruefstand_AVR/Zweiradpruefstand_AVR/main.c ****     {
  76:/Users/emil/OneDrive - HTBLA Kaindorf/Zweiradprüfstand/Software/Zweiradpruefstand/Zweiradpruefstand_AVR/Zweiradpruefstand_AVR/main.c ****         sys_main();
 181               	.LM11:
 182 003a 0E94 0000 		call sys_main
  77:/Users/emil/OneDrive - HTBLA Kaindorf/Zweiradprüfstand/Software/Zweiradpruefstand/Zweiradpruefstand_AVR/Zweiradpruefstand_AVR/main.c ****         app_main();
 184               	.LM12:
 185 003e 0E94 0000 		call app_main
  78:/Users/emil/OneDrive - HTBLA Kaindorf/Zweiradprüfstand/Software/Zweiradpruefstand/Zweiradpruefstand_AVR/Zweiradpruefstand_AVR/main.c **** #ifdef GLOBAL_MONITOR
  79:/Users/emil/OneDrive - HTBLA Kaindorf/Zweiradprüfstand/Software/Zweiradpruefstand/Zweiradpruefstand_AVR/Zweiradpruefstand_AVR/main.c ****         mon_main();
 187               	.LM13:
 188 0042 0E94 0000 		call mon_main
 189 0046 00C0      		rjmp .L2
 191               	.Lscope1:
 192               	.global	FLASHSTRING_TIME
 193               		.section	.progmem.data,"a",@progbits
 196               	FLASHSTRING_TIME:
 197 0000 3138 3A33 		.string	"18:32:56"
 197      323A 3536 
 197      00
 198               	.global	FLASHSTRING_DATE
 201               	FLASHSTRING_DATE:
 202 0009 4D61 7220 		.string	"Mar 22 2018"
 202      3232 2032 
 202      3031 3800 
 203               	.global	FLASHSTRING_WELCOME
 206               	FLASHSTRING_WELCOME:
 207 0015 0A0D 5072 		.string	"\n\rProgramm ?? "
 207      6F67 7261 
 207      6D6D 203F 
 207      3F20 00
 211               		.text
 213               	.Letext0:
 214               		.ident	"GCC: (GNU) 4.8.1"
DEFINED SYMBOLS
                            *ABS*:00000000 main.c
/var/folders/n0/nrv0hhms1cx0j69_hx06fj7r0000gn/T//ccBxMV5G.s:2      *ABS*:0000003e __SP_H__
/var/folders/n0/nrv0hhms1cx0j69_hx06fj7r0000gn/T//ccBxMV5G.s:3      *ABS*:0000003d __SP_L__
/var/folders/n0/nrv0hhms1cx0j69_hx06fj7r0000gn/T//ccBxMV5G.s:4      *ABS*:0000003f __SREG__
/var/folders/n0/nrv0hhms1cx0j69_hx06fj7r0000gn/T//ccBxMV5G.s:5      *ABS*:00000000 __tmp_reg__
/var/folders/n0/nrv0hhms1cx0j69_hx06fj7r0000gn/T//ccBxMV5G.s:6      *ABS*:00000001 __zero_reg__
/var/folders/n0/nrv0hhms1cx0j69_hx06fj7r0000gn/T//ccBxMV5G.s:127    .text.startup:00000000 main
/var/folders/n0/nrv0hhms1cx0j69_hx06fj7r0000gn/T//ccBxMV5G.s:206    .progmem.data:00000015 FLASHSTRING_WELCOME
/var/folders/n0/nrv0hhms1cx0j69_hx06fj7r0000gn/T//ccBxMV5G.s:201    .progmem.data:00000009 FLASHSTRING_DATE
/var/folders/n0/nrv0hhms1cx0j69_hx06fj7r0000gn/T//ccBxMV5G.s:196    .progmem.data:00000000 FLASHSTRING_TIME

UNDEFINED SYMBOLS
sys_init
app_init
mon_init
sys_printString_P
putchar
sys_puts_P
sys_newline
sys_main
app_main
mon_main
