   1               		.file	"mon.c"
   2               	__SP_H__ = 0x3e
   3               	__SP_L__ = 0x3d
   4               	__SREG__ = 0x3f
   5               	__tmp_reg__ = 0
   6               	__zero_reg__ = 1
   8               		.text
   9               	.Ltext0:
 123               		.section	.rodata.str1.1,"aMS",@progbits,1
 124               	.LC0:
 125 0000 2575 3A20 		.string	"%u: %s\n\r"
 125      2573 0A0D 
 125      00
 126               		.text
 130               	.global	mon_cmd_test
 132               	mon_cmd_test:
   1:/Users/emil/OneDrive - HTBLA Kaindorf/Zweiradprüfstand/Software/Zweiradpruefstand/Zweiradpruefstand_AVR/Zweiradpruefstand_AVR/mon.c **** #include "global.h"
   2:/Users/emil/OneDrive - HTBLA Kaindorf/Zweiradprüfstand/Software/Zweiradpruefstand/Zweiradpruefstand_AVR/Zweiradpruefstand_AVR/mon.c **** 
   3:/Users/emil/OneDrive - HTBLA Kaindorf/Zweiradprüfstand/Software/Zweiradpruefstand/Zweiradpruefstand_AVR/Zweiradpruefstand_AVR/mon.c **** #include <stdio.h>
   4:/Users/emil/OneDrive - HTBLA Kaindorf/Zweiradprüfstand/Software/Zweiradpruefstand/Zweiradpruefstand_AVR/Zweiradpruefstand_AVR/mon.c **** #include <string.h>
   5:/Users/emil/OneDrive - HTBLA Kaindorf/Zweiradprüfstand/Software/Zweiradpruefstand/Zweiradpruefstand_AVR/Zweiradpruefstand_AVR/mon.c **** 
   6:/Users/emil/OneDrive - HTBLA Kaindorf/Zweiradprüfstand/Software/Zweiradpruefstand/Zweiradpruefstand_AVR/Zweiradpruefstand_AVR/mon.c **** #include <avr/io.h>
   7:/Users/emil/OneDrive - HTBLA Kaindorf/Zweiradprüfstand/Software/Zweiradpruefstand/Zweiradpruefstand_AVR/Zweiradpruefstand_AVR/mon.c **** #include <util/delay.h>
   8:/Users/emil/OneDrive - HTBLA Kaindorf/Zweiradprüfstand/Software/Zweiradpruefstand/Zweiradpruefstand_AVR/Zweiradpruefstand_AVR/mon.c **** #include <avr/pgmspace.h>
   9:/Users/emil/OneDrive - HTBLA Kaindorf/Zweiradprüfstand/Software/Zweiradpruefstand/Zweiradpruefstand_AVR/Zweiradpruefstand_AVR/mon.c **** 
  10:/Users/emil/OneDrive - HTBLA Kaindorf/Zweiradprüfstand/Software/Zweiradpruefstand/Zweiradpruefstand_AVR/Zweiradpruefstand_AVR/mon.c **** #include "mon.h"
  11:/Users/emil/OneDrive - HTBLA Kaindorf/Zweiradprüfstand/Software/Zweiradpruefstand/Zweiradpruefstand_AVR/Zweiradpruefstand_AVR/mon.c **** #include "app.h"
  12:/Users/emil/OneDrive - HTBLA Kaindorf/Zweiradprüfstand/Software/Zweiradpruefstand/Zweiradpruefstand_AVR/Zweiradpruefstand_AVR/mon.c **** #include "sys.h"
  13:/Users/emil/OneDrive - HTBLA Kaindorf/Zweiradprüfstand/Software/Zweiradpruefstand/Zweiradpruefstand_AVR/Zweiradpruefstand_AVR/mon.c **** 
  14:/Users/emil/OneDrive - HTBLA Kaindorf/Zweiradprüfstand/Software/Zweiradpruefstand/Zweiradpruefstand_AVR/Zweiradpruefstand_AVR/mon.c **** #ifdef GLOBAL_MONITOR
  15:/Users/emil/OneDrive - HTBLA Kaindorf/Zweiradprüfstand/Software/Zweiradpruefstand/Zweiradpruefstand_AVR/Zweiradpruefstand_AVR/mon.c **** 
  16:/Users/emil/OneDrive - HTBLA Kaindorf/Zweiradprüfstand/Software/Zweiradpruefstand/Zweiradpruefstand_AVR/Zweiradpruefstand_AVR/mon.c **** // defines
  17:/Users/emil/OneDrive - HTBLA Kaindorf/Zweiradprüfstand/Software/Zweiradpruefstand/Zweiradpruefstand_AVR/Zweiradpruefstand_AVR/mon.c **** // ...
  18:/Users/emil/OneDrive - HTBLA Kaindorf/Zweiradprüfstand/Software/Zweiradpruefstand/Zweiradpruefstand_AVR/Zweiradpruefstand_AVR/mon.c **** 
  19:/Users/emil/OneDrive - HTBLA Kaindorf/Zweiradprüfstand/Software/Zweiradpruefstand/Zweiradpruefstand_AVR/Zweiradpruefstand_AVR/mon.c **** // declarations and definations
  20:/Users/emil/OneDrive - HTBLA Kaindorf/Zweiradprüfstand/Software/Zweiradpruefstand/Zweiradpruefstand_AVR/Zweiradpruefstand_AVR/mon.c **** 
  21:/Users/emil/OneDrive - HTBLA Kaindorf/Zweiradprüfstand/Software/Zweiradpruefstand/Zweiradpruefstand_AVR/Zweiradpruefstand_AVR/mon.c **** int8_t mon_cmd_info (uint8_t argc, char *argv[]);
  22:/Users/emil/OneDrive - HTBLA Kaindorf/Zweiradprüfstand/Software/Zweiradpruefstand/Zweiradpruefstand_AVR/Zweiradpruefstand_AVR/mon.c **** int8_t mon_cmd_test (uint8_t argc, char *argv[]);
  23:/Users/emil/OneDrive - HTBLA Kaindorf/Zweiradprüfstand/Software/Zweiradpruefstand/Zweiradpruefstand_AVR/Zweiradpruefstand_AVR/mon.c **** 
  24:/Users/emil/OneDrive - HTBLA Kaindorf/Zweiradprüfstand/Software/Zweiradpruefstand/Zweiradpruefstand_AVR/Zweiradpruefstand_AVR/mon.c **** const char MON_LINE_WELCOME[] PROGMEM = "Line-Mode: CTRL-X, CTRL-Y, CTRL-C, Return  \n\r";
  25:/Users/emil/OneDrive - HTBLA Kaindorf/Zweiradprüfstand/Software/Zweiradpruefstand/Zweiradpruefstand_AVR/Zweiradpruefstand_AVR/mon.c **** const char MON_PMEM_CMD_INFO[] PROGMEM = "info\0Application infos\0info";
  26:/Users/emil/OneDrive - HTBLA Kaindorf/Zweiradprüfstand/Software/Zweiradpruefstand/Zweiradpruefstand_AVR/Zweiradpruefstand_AVR/mon.c **** const char MON_PMEM_CMD_TEST[] PROGMEM = "test\0commando for test\0test";
  27:/Users/emil/OneDrive - HTBLA Kaindorf/Zweiradprüfstand/Software/Zweiradpruefstand/Zweiradpruefstand_AVR/Zweiradpruefstand_AVR/mon.c **** 
  28:/Users/emil/OneDrive - HTBLA Kaindorf/Zweiradprüfstand/Software/Zweiradpruefstand/Zweiradpruefstand_AVR/Zweiradpruefstand_AVR/mon.c **** const struct Sys_MonCmdInfo MON_PMEMSTR_CMDS[] PROGMEM =
  29:/Users/emil/OneDrive - HTBLA Kaindorf/Zweiradprüfstand/Software/Zweiradpruefstand/Zweiradpruefstand_AVR/Zweiradpruefstand_AVR/mon.c **** {
  30:/Users/emil/OneDrive - HTBLA Kaindorf/Zweiradprüfstand/Software/Zweiradpruefstand/Zweiradpruefstand_AVR/Zweiradpruefstand_AVR/mon.c ****     { MON_PMEM_CMD_INFO, mon_cmd_info }
  31:/Users/emil/OneDrive - HTBLA Kaindorf/Zweiradprüfstand/Software/Zweiradpruefstand/Zweiradpruefstand_AVR/Zweiradpruefstand_AVR/mon.c ****     , { MON_PMEM_CMD_TEST, mon_cmd_test }
  32:/Users/emil/OneDrive - HTBLA Kaindorf/Zweiradprüfstand/Software/Zweiradpruefstand/Zweiradpruefstand_AVR/Zweiradpruefstand_AVR/mon.c **** };
  33:/Users/emil/OneDrive - HTBLA Kaindorf/Zweiradprüfstand/Software/Zweiradpruefstand/Zweiradpruefstand_AVR/Zweiradpruefstand_AVR/mon.c **** 
  34:/Users/emil/OneDrive - HTBLA Kaindorf/Zweiradprüfstand/Software/Zweiradpruefstand/Zweiradpruefstand_AVR/Zweiradpruefstand_AVR/mon.c **** volatile struct Mon mon;
  35:/Users/emil/OneDrive - HTBLA Kaindorf/Zweiradprüfstand/Software/Zweiradpruefstand/Zweiradpruefstand_AVR/Zweiradpruefstand_AVR/mon.c **** 
  36:/Users/emil/OneDrive - HTBLA Kaindorf/Zweiradprüfstand/Software/Zweiradpruefstand/Zweiradpruefstand_AVR/Zweiradpruefstand_AVR/mon.c **** // functions
  37:/Users/emil/OneDrive - HTBLA Kaindorf/Zweiradprüfstand/Software/Zweiradpruefstand/Zweiradpruefstand_AVR/Zweiradpruefstand_AVR/mon.c **** 
  38:/Users/emil/OneDrive - HTBLA Kaindorf/Zweiradprüfstand/Software/Zweiradpruefstand/Zweiradpruefstand_AVR/Zweiradpruefstand_AVR/mon.c **** void mon_init (void)
  39:/Users/emil/OneDrive - HTBLA Kaindorf/Zweiradprüfstand/Software/Zweiradpruefstand/Zweiradpruefstand_AVR/Zweiradpruefstand_AVR/mon.c **** {
  40:/Users/emil/OneDrive - HTBLA Kaindorf/Zweiradprüfstand/Software/Zweiradpruefstand/Zweiradpruefstand_AVR/Zweiradpruefstand_AVR/mon.c ****     memset((void *)&mon, 0, sizeof(mon));
  41:/Users/emil/OneDrive - HTBLA Kaindorf/Zweiradprüfstand/Software/Zweiradpruefstand/Zweiradpruefstand_AVR/Zweiradpruefstand_AVR/mon.c **** }
  42:/Users/emil/OneDrive - HTBLA Kaindorf/Zweiradprüfstand/Software/Zweiradpruefstand/Zweiradpruefstand_AVR/Zweiradpruefstand_AVR/mon.c **** 
  43:/Users/emil/OneDrive - HTBLA Kaindorf/Zweiradprüfstand/Software/Zweiradpruefstand/Zweiradpruefstand_AVR/Zweiradpruefstand_AVR/mon.c **** 
  44:/Users/emil/OneDrive - HTBLA Kaindorf/Zweiradprüfstand/Software/Zweiradpruefstand/Zweiradpruefstand_AVR/Zweiradpruefstand_AVR/mon.c **** //--------------------------------------------------------
  45:/Users/emil/OneDrive - HTBLA Kaindorf/Zweiradprüfstand/Software/Zweiradpruefstand/Zweiradpruefstand_AVR/Zweiradpruefstand_AVR/mon.c **** 
  46:/Users/emil/OneDrive - HTBLA Kaindorf/Zweiradprüfstand/Software/Zweiradpruefstand/Zweiradpruefstand_AVR/Zweiradpruefstand_AVR/mon.c **** inline void mon_main (void)
  47:/Users/emil/OneDrive - HTBLA Kaindorf/Zweiradprüfstand/Software/Zweiradpruefstand/Zweiradpruefstand_AVR/Zweiradpruefstand_AVR/mon.c **** {
  48:/Users/emil/OneDrive - HTBLA Kaindorf/Zweiradprüfstand/Software/Zweiradpruefstand/Zweiradpruefstand_AVR/Zweiradpruefstand_AVR/mon.c **** }
  49:/Users/emil/OneDrive - HTBLA Kaindorf/Zweiradprüfstand/Software/Zweiradpruefstand/Zweiradpruefstand_AVR/Zweiradpruefstand_AVR/mon.c **** 
  50:/Users/emil/OneDrive - HTBLA Kaindorf/Zweiradprüfstand/Software/Zweiradpruefstand/Zweiradpruefstand_AVR/Zweiradpruefstand_AVR/mon.c **** inline uint8_t mon_getCmdCount (void)
  51:/Users/emil/OneDrive - HTBLA Kaindorf/Zweiradprüfstand/Software/Zweiradpruefstand/Zweiradpruefstand_AVR/Zweiradpruefstand_AVR/mon.c **** {
  52:/Users/emil/OneDrive - HTBLA Kaindorf/Zweiradprüfstand/Software/Zweiradpruefstand/Zweiradpruefstand_AVR/Zweiradpruefstand_AVR/mon.c ****     return sizeof(MON_PMEMSTR_CMDS)/sizeof(struct Sys_MonCmdInfo);
  53:/Users/emil/OneDrive - HTBLA Kaindorf/Zweiradprüfstand/Software/Zweiradpruefstand/Zweiradpruefstand_AVR/Zweiradpruefstand_AVR/mon.c **** }
  54:/Users/emil/OneDrive - HTBLA Kaindorf/Zweiradprüfstand/Software/Zweiradpruefstand/Zweiradpruefstand_AVR/Zweiradpruefstand_AVR/mon.c **** 
  55:/Users/emil/OneDrive - HTBLA Kaindorf/Zweiradprüfstand/Software/Zweiradpruefstand/Zweiradpruefstand_AVR/Zweiradpruefstand_AVR/mon.c **** 
  56:/Users/emil/OneDrive - HTBLA Kaindorf/Zweiradprüfstand/Software/Zweiradpruefstand/Zweiradpruefstand_AVR/Zweiradpruefstand_AVR/mon.c **** // --------------------------------------------------------
  57:/Users/emil/OneDrive - HTBLA Kaindorf/Zweiradprüfstand/Software/Zweiradpruefstand/Zweiradpruefstand_AVR/Zweiradpruefstand_AVR/mon.c **** // Monitor commands of the application
  58:/Users/emil/OneDrive - HTBLA Kaindorf/Zweiradprüfstand/Software/Zweiradpruefstand/Zweiradpruefstand_AVR/Zweiradpruefstand_AVR/mon.c **** // --------------------------------------------------------
  59:/Users/emil/OneDrive - HTBLA Kaindorf/Zweiradprüfstand/Software/Zweiradpruefstand/Zweiradpruefstand_AVR/Zweiradpruefstand_AVR/mon.c **** 
  60:/Users/emil/OneDrive - HTBLA Kaindorf/Zweiradprüfstand/Software/Zweiradpruefstand/Zweiradpruefstand_AVR/Zweiradpruefstand_AVR/mon.c **** int8_t mon_cmd_info (uint8_t argc, char *argv[])
  61:/Users/emil/OneDrive - HTBLA Kaindorf/Zweiradprüfstand/Software/Zweiradpruefstand/Zweiradpruefstand_AVR/Zweiradpruefstand_AVR/mon.c **** {
  62:/Users/emil/OneDrive - HTBLA Kaindorf/Zweiradprüfstand/Software/Zweiradpruefstand/Zweiradpruefstand_AVR/Zweiradpruefstand_AVR/mon.c ****     printf("app.flags_u8  : ");
  63:/Users/emil/OneDrive - HTBLA Kaindorf/Zweiradprüfstand/Software/Zweiradpruefstand/Zweiradpruefstand_AVR/Zweiradpruefstand_AVR/mon.c ****     sys_printHexBin8(sys.flags_u8);
  64:/Users/emil/OneDrive - HTBLA Kaindorf/Zweiradprüfstand/Software/Zweiradpruefstand/Zweiradpruefstand_AVR/Zweiradpruefstand_AVR/mon.c ****     sys_newline();
  65:/Users/emil/OneDrive - HTBLA Kaindorf/Zweiradprüfstand/Software/Zweiradpruefstand/Zweiradpruefstand_AVR/Zweiradpruefstand_AVR/mon.c ****     return 0;
  66:/Users/emil/OneDrive - HTBLA Kaindorf/Zweiradprüfstand/Software/Zweiradpruefstand/Zweiradpruefstand_AVR/Zweiradpruefstand_AVR/mon.c **** }
  67:/Users/emil/OneDrive - HTBLA Kaindorf/Zweiradprüfstand/Software/Zweiradpruefstand/Zweiradpruefstand_AVR/Zweiradpruefstand_AVR/mon.c **** 
  68:/Users/emil/OneDrive - HTBLA Kaindorf/Zweiradprüfstand/Software/Zweiradpruefstand/Zweiradpruefstand_AVR/Zweiradpruefstand_AVR/mon.c **** 
  69:/Users/emil/OneDrive - HTBLA Kaindorf/Zweiradprüfstand/Software/Zweiradpruefstand/Zweiradpruefstand_AVR/Zweiradpruefstand_AVR/mon.c **** int8_t mon_cmd_test (uint8_t argc, char *argv[])
  70:/Users/emil/OneDrive - HTBLA Kaindorf/Zweiradprüfstand/Software/Zweiradpruefstand/Zweiradpruefstand_AVR/Zweiradpruefstand_AVR/mon.c **** {
 134               	.LM0:
 135               	.LFBB1:
 136 0000 DF92      		push r13
 137 0002 EF92      		push r14
 138 0004 FF92      		push r15
 139 0006 0F93      		push r16
 140 0008 1F93      		push r17
 141 000a CF93      		push r28
 142 000c DF93      		push r29
 143               	/* prologue: function */
 144               	/* frame size = 0 */
 145               	/* stack size = 7 */
 146               	.L__stack_usage = 7
 147 000e D82E      		mov r13,r24
 148 0010 8B01      		movw r16,r22
  71:/Users/emil/OneDrive - HTBLA Kaindorf/Zweiradprüfstand/Software/Zweiradpruefstand/Zweiradpruefstand_AVR/Zweiradpruefstand_AVR/mon.c ****     uint8_t i;
  72:/Users/emil/OneDrive - HTBLA Kaindorf/Zweiradprüfstand/Software/Zweiradpruefstand/Zweiradpruefstand_AVR/Zweiradpruefstand_AVR/mon.c ****     
  73:/Users/emil/OneDrive - HTBLA Kaindorf/Zweiradprüfstand/Software/Zweiradpruefstand/Zweiradpruefstand_AVR/Zweiradpruefstand_AVR/mon.c ****     for (i = 0; i<argc; i++)
 150               	.LM1:
 151 0012 C0E0      		ldi r28,0
 152 0014 D0E0      		ldi r29,0
  74:/Users/emil/OneDrive - HTBLA Kaindorf/Zweiradprüfstand/Software/Zweiradpruefstand/Zweiradpruefstand_AVR/Zweiradpruefstand_AVR/mon.c ****         printf("%u: %s\n\r", i, argv[i]);
 154               	.LM2:
 155 0016 80E0      		ldi r24,lo8(.LC0)
 156 0018 E82E      		mov r14,r24
 157 001a 80E0      		ldi r24,hi8(.LC0)
 158 001c F82E      		mov r15,r24
 159               	.L2:
  73:/Users/emil/OneDrive - HTBLA Kaindorf/Zweiradprüfstand/Software/Zweiradpruefstand/Zweiradpruefstand_AVR/Zweiradpruefstand_AVR/mon.c ****     for (i = 0; i<argc; i++)
 161               	.LM3:
 162 001e CD15      		cp r28,r13
 163 0020 00F4      		brsh .L5
 165               	.LM4:
 166 0022 F801      		movw r30,r16
 167 0024 8081      		ld r24,Z
 168 0026 9181      		ldd r25,Z+1
 169 0028 0E5F      		subi r16,-2
 170 002a 1F4F      		sbci r17,-1
 171 002c 9F93      		push r25
 172 002e 8F93      		push r24
 173 0030 DF93      		push r29
 174 0032 CF93      		push r28
 175 0034 FF92      		push r15
 176 0036 EF92      		push r14
 177 0038 0E94 0000 		call printf
 178 003c 2196      		adiw r28,1
 179 003e 0F90      		pop __tmp_reg__
 180 0040 0F90      		pop __tmp_reg__
 181 0042 0F90      		pop __tmp_reg__
 182 0044 0F90      		pop __tmp_reg__
 183 0046 0F90      		pop __tmp_reg__
 184 0048 0F90      		pop __tmp_reg__
 185 004a 00C0      		rjmp .L2
 186               	.L5:
  75:/Users/emil/OneDrive - HTBLA Kaindorf/Zweiradprüfstand/Software/Zweiradpruefstand/Zweiradpruefstand_AVR/Zweiradpruefstand_AVR/mon.c ****     
  76:/Users/emil/OneDrive - HTBLA Kaindorf/Zweiradprüfstand/Software/Zweiradpruefstand/Zweiradpruefstand_AVR/Zweiradpruefstand_AVR/mon.c ****     return 0;
  77:/Users/emil/OneDrive - HTBLA Kaindorf/Zweiradprüfstand/Software/Zweiradpruefstand/Zweiradpruefstand_AVR/Zweiradpruefstand_AVR/mon.c **** }
 188               	.LM5:
 189 004c 80E0      		ldi r24,0
 190               	/* epilogue start */
 191 004e DF91      		pop r29
 192 0050 CF91      		pop r28
 193 0052 1F91      		pop r17
 194 0054 0F91      		pop r16
 195 0056 FF90      		pop r15
 196 0058 EF90      		pop r14
 197 005a DF90      		pop r13
 198 005c 0895      		ret
 200               	.Lscope1:
 201               		.section	.rodata.str1.1
 202               	.LC1:
 203 0009 6170 702E 		.string	"app.flags_u8  : "
 203      666C 6167 
 203      735F 7538 
 203      2020 3A20 
 203      00
 204               		.text
 208               	.global	mon_cmd_info
 210               	mon_cmd_info:
  61:/Users/emil/OneDrive - HTBLA Kaindorf/Zweiradprüfstand/Software/Zweiradpruefstand/Zweiradpruefstand_AVR/Zweiradpruefstand_AVR/mon.c **** {
 212               	.LM6:
 213               	.LFBB2:
 214               	/* prologue: function */
 215               	/* frame size = 0 */
 216               	/* stack size = 0 */
 217               	.L__stack_usage = 0
  62:/Users/emil/OneDrive - HTBLA Kaindorf/Zweiradprüfstand/Software/Zweiradpruefstand/Zweiradpruefstand_AVR/Zweiradpruefstand_AVR/mon.c ****     printf("app.flags_u8  : ");
 219               	.LM7:
 220 005e 80E0      		ldi r24,lo8(.LC1)
 221 0060 90E0      		ldi r25,hi8(.LC1)
 222 0062 9F93      		push r25
 223 0064 8F93      		push r24
 224 0066 0E94 0000 		call printf
  63:/Users/emil/OneDrive - HTBLA Kaindorf/Zweiradprüfstand/Software/Zweiradpruefstand/Zweiradpruefstand_AVR/Zweiradpruefstand_AVR/mon.c ****     sys_printHexBin8(sys.flags_u8);
 226               	.LM8:
 227 006a 8091 0000 		lds r24,sys
 228 006e 0E94 0000 		call sys_printHexBin8
  64:/Users/emil/OneDrive - HTBLA Kaindorf/Zweiradprüfstand/Software/Zweiradpruefstand/Zweiradpruefstand_AVR/Zweiradpruefstand_AVR/mon.c ****     sys_newline();
 230               	.LM9:
 231 0072 0E94 0000 		call sys_newline
  65:/Users/emil/OneDrive - HTBLA Kaindorf/Zweiradprüfstand/Software/Zweiradpruefstand/Zweiradpruefstand_AVR/Zweiradpruefstand_AVR/mon.c ****     return 0;
 233               	.LM10:
 234 0076 0F90      		pop __tmp_reg__
 235 0078 0F90      		pop __tmp_reg__
  66:/Users/emil/OneDrive - HTBLA Kaindorf/Zweiradprüfstand/Software/Zweiradpruefstand/Zweiradpruefstand_AVR/Zweiradpruefstand_AVR/mon.c **** }
 237               	.LM11:
 238 007a 80E0      		ldi r24,0
 239 007c 0895      		ret
 241               	.Lscope2:
 243               	.global	mon_init
 245               	mon_init:
  39:/Users/emil/OneDrive - HTBLA Kaindorf/Zweiradprüfstand/Software/Zweiradpruefstand/Zweiradpruefstand_AVR/Zweiradpruefstand_AVR/mon.c **** {
 247               	.LM12:
 248               	.LFBB3:
 249               	/* prologue: function */
 250               	/* frame size = 0 */
 251               	/* stack size = 0 */
 252               	.L__stack_usage = 0
  40:/Users/emil/OneDrive - HTBLA Kaindorf/Zweiradprüfstand/Software/Zweiradpruefstand/Zweiradpruefstand_AVR/Zweiradpruefstand_AVR/mon.c ****     memset((void *)&mon, 0, sizeof(mon));
 254               	.LM13:
 255 007e 1092 0000 		sts mon,__zero_reg__
 256 0082 0895      		ret
 258               	.Lscope3:
 260               	.global	mon_main
 262               	mon_main:
  47:/Users/emil/OneDrive - HTBLA Kaindorf/Zweiradprüfstand/Software/Zweiradpruefstand/Zweiradpruefstand_AVR/Zweiradpruefstand_AVR/mon.c **** {
 264               	.LM14:
 265               	.LFBB4:
 266               	/* prologue: function */
 267               	/* frame size = 0 */
 268               	/* stack size = 0 */
 269               	.L__stack_usage = 0
 270 0084 0895      		ret
 272               	.Lscope4:
 274               	.global	mon_getCmdCount
 276               	mon_getCmdCount:
  51:/Users/emil/OneDrive - HTBLA Kaindorf/Zweiradprüfstand/Software/Zweiradpruefstand/Zweiradpruefstand_AVR/Zweiradpruefstand_AVR/mon.c **** {
 278               	.LM15:
 279               	.LFBB5:
 280               	/* prologue: function */
 281               	/* frame size = 0 */
 282               	/* stack size = 0 */
 283               	.L__stack_usage = 0
  53:/Users/emil/OneDrive - HTBLA Kaindorf/Zweiradprüfstand/Software/Zweiradpruefstand/Zweiradpruefstand_AVR/Zweiradpruefstand_AVR/mon.c **** }
 285               	.LM16:
 286 0086 82E0      		ldi r24,lo8(2)
 287 0088 0895      		ret
 289               	.Lscope5:
 290               		.section	.rodata.str1.1
 291               	.LC2:
 292 001a 4C30 207C 		.string	"L0 | app.flags_u8"
 292      2061 7070 
 292      2E66 6C61 
 292      6773 5F75 
 292      3800 
 293               	.LC3:
 294 002c 4C31 207C 		.string	"L1 | counter  (press 'c' for reset)"
 294      2063 6F75 
 294      6E74 6572 
 294      2020 2870 
 294      7265 7373 
 295               		.text
 298               	.global	mon_printLineHeader
 300               	mon_printLineHeader:
  78:/Users/emil/OneDrive - HTBLA Kaindorf/Zweiradprüfstand/Software/Zweiradpruefstand/Zweiradpruefstand_AVR/Zweiradpruefstand_AVR/mon.c **** 
  79:/Users/emil/OneDrive - HTBLA Kaindorf/Zweiradprüfstand/Software/Zweiradpruefstand/Zweiradpruefstand_AVR/Zweiradpruefstand_AVR/mon.c **** 
  80:/Users/emil/OneDrive - HTBLA Kaindorf/Zweiradprüfstand/Software/Zweiradpruefstand/Zweiradpruefstand_AVR/Zweiradpruefstand_AVR/mon.c **** // --------------------------------------------------------
  81:/Users/emil/OneDrive - HTBLA Kaindorf/Zweiradprüfstand/Software/Zweiradpruefstand/Zweiradpruefstand_AVR/Zweiradpruefstand_AVR/mon.c **** // Monitor-Line for continues output
  82:/Users/emil/OneDrive - HTBLA Kaindorf/Zweiradprüfstand/Software/Zweiradpruefstand/Zweiradpruefstand_AVR/Zweiradpruefstand_AVR/mon.c **** // --------------------------------------------------------
  83:/Users/emil/OneDrive - HTBLA Kaindorf/Zweiradprüfstand/Software/Zweiradpruefstand/Zweiradpruefstand_AVR/Zweiradpruefstand_AVR/mon.c **** 
  84:/Users/emil/OneDrive - HTBLA Kaindorf/Zweiradprüfstand/Software/Zweiradpruefstand/Zweiradpruefstand_AVR/Zweiradpruefstand_AVR/mon.c **** int8_t mon_printLineHeader (uint8_t lineIndex)
  85:/Users/emil/OneDrive - HTBLA Kaindorf/Zweiradprüfstand/Software/Zweiradpruefstand/Zweiradpruefstand_AVR/Zweiradpruefstand_AVR/mon.c **** {
 302               	.LM17:
 303               	.LFBB6:
 304               	/* prologue: function */
 305               	/* frame size = 0 */
 306               	/* stack size = 0 */
 307               	.L__stack_usage = 0
  86:/Users/emil/OneDrive - HTBLA Kaindorf/Zweiradprüfstand/Software/Zweiradpruefstand/Zweiradpruefstand_AVR/Zweiradpruefstand_AVR/mon.c ****     if (lineIndex==0)
 309               	.LM18:
 310 008a 8111      		cpse r24,__zero_reg__
 311 008c 00C0      		rjmp .L11
  87:/Users/emil/OneDrive - HTBLA Kaindorf/Zweiradprüfstand/Software/Zweiradpruefstand/Zweiradpruefstand_AVR/Zweiradpruefstand_AVR/mon.c ****         sys_printString_P(MON_LINE_WELCOME);
 313               	.LM19:
 314 008e 80E0      		ldi r24,lo8(MON_LINE_WELCOME)
 315 0090 90E0      		ldi r25,hi8(MON_LINE_WELCOME)
 316 0092 0E94 0000 		call sys_printString_P
  88:/Users/emil/OneDrive - HTBLA Kaindorf/Zweiradprüfstand/Software/Zweiradpruefstand/Zweiradpruefstand_AVR/Zweiradpruefstand_AVR/mon.c ****     
  89:/Users/emil/OneDrive - HTBLA Kaindorf/Zweiradprüfstand/Software/Zweiradpruefstand/Zweiradpruefstand_AVR/Zweiradpruefstand_AVR/mon.c ****     switch (lineIndex)
  90:/Users/emil/OneDrive - HTBLA Kaindorf/Zweiradprüfstand/Software/Zweiradpruefstand/Zweiradpruefstand_AVR/Zweiradpruefstand_AVR/mon.c ****     {
  91:/Users/emil/OneDrive - HTBLA Kaindorf/Zweiradprüfstand/Software/Zweiradpruefstand/Zweiradpruefstand_AVR/Zweiradpruefstand_AVR/mon.c ****         case 0: printf("L0 | app.flags_u8"); return 20;
 318               	.LM20:
 319 0096 80E0      		ldi r24,lo8(.LC2)
 320 0098 90E0      		ldi r25,hi8(.LC2)
 321 009a 9F93      		push r25
 322 009c 8F93      		push r24
 323 009e 0E94 0000 		call printf
 324 00a2 0F90      		pop __tmp_reg__
 325 00a4 0F90      		pop __tmp_reg__
 326 00a6 84E1      		ldi r24,lo8(20)
 327 00a8 0895      		ret
 328               	.L11:
  89:/Users/emil/OneDrive - HTBLA Kaindorf/Zweiradprüfstand/Software/Zweiradpruefstand/Zweiradpruefstand_AVR/Zweiradpruefstand_AVR/mon.c ****     switch (lineIndex)
 330               	.LM21:
 331 00aa 8130      		cpi r24,lo8(1)
 332 00ac 01F4      		brne .L15
  92:/Users/emil/OneDrive - HTBLA Kaindorf/Zweiradprüfstand/Software/Zweiradpruefstand/Zweiradpruefstand_AVR/Zweiradpruefstand_AVR/mon.c ****         case 1: printf("L1 | counter  (press 'c' for reset)"); return 40;
 334               	.LM22:
 335 00ae 80E0      		ldi r24,lo8(.LC3)
 336 00b0 90E0      		ldi r25,hi8(.LC3)
 337 00b2 9F93      		push r25
 338 00b4 8F93      		push r24
 339 00b6 0E94 0000 		call printf
 340 00ba 0F90      		pop __tmp_reg__
 341 00bc 0F90      		pop __tmp_reg__
 342 00be 88E2      		ldi r24,lo8(40)
 343 00c0 0895      		ret
 344               	.L15:
  93:/Users/emil/OneDrive - HTBLA Kaindorf/Zweiradprüfstand/Software/Zweiradpruefstand/Zweiradpruefstand_AVR/Zweiradpruefstand_AVR/mon.c ****         default: return -1; // this line index is not valid
 346               	.LM23:
 347 00c2 8FEF      		ldi r24,lo8(-1)
  94:/Users/emil/OneDrive - HTBLA Kaindorf/Zweiradprüfstand/Software/Zweiradpruefstand/Zweiradpruefstand_AVR/Zweiradpruefstand_AVR/mon.c ****     }
  95:/Users/emil/OneDrive - HTBLA Kaindorf/Zweiradprüfstand/Software/Zweiradpruefstand/Zweiradpruefstand_AVR/Zweiradpruefstand_AVR/mon.c **** }
 349               	.LM24:
 350 00c4 0895      		ret
 352               	.Lscope6:
 353               		.section	.rodata.str1.1
 354               	.LC4:
 355 0050 2020 207C 		.string	"   | "
 355      2000 
 356               	.LC5:
 357 0056 2020 207C 		.string	"   |  0x%04x   "
 357      2020 3078 
 357      2530 3478 
 357      2020 2000 
 358               		.text
 362               	.global	mon_printLine
 364               	mon_printLine:
  96:/Users/emil/OneDrive - HTBLA Kaindorf/Zweiradprüfstand/Software/Zweiradpruefstand/Zweiradpruefstand_AVR/Zweiradpruefstand_AVR/mon.c **** 
  97:/Users/emil/OneDrive - HTBLA Kaindorf/Zweiradprüfstand/Software/Zweiradpruefstand/Zweiradpruefstand_AVR/Zweiradpruefstand_AVR/mon.c **** int8_t mon_printLine   (uint8_t lineIndex, char keyPressed)
  98:/Users/emil/OneDrive - HTBLA Kaindorf/Zweiradprüfstand/Software/Zweiradpruefstand/Zweiradpruefstand_AVR/Zweiradpruefstand_AVR/mon.c **** {
 366               	.LM25:
 367               	.LFBB7:
 368               	/* prologue: function */
 369               	/* frame size = 0 */
 370               	/* stack size = 0 */
 371               	.L__stack_usage = 0
  99:/Users/emil/OneDrive - HTBLA Kaindorf/Zweiradprüfstand/Software/Zweiradpruefstand/Zweiradpruefstand_AVR/Zweiradpruefstand_AVR/mon.c ****     
 100:/Users/emil/OneDrive - HTBLA Kaindorf/Zweiradprüfstand/Software/Zweiradpruefstand/Zweiradpruefstand_AVR/Zweiradpruefstand_AVR/mon.c ****     switch (lineIndex)
 373               	.LM26:
 374 00c6 8823      		tst r24
 375 00c8 01F0      		breq .L18
 376 00ca 8130      		cpi r24,lo8(1)
 377 00cc 01F0      		breq .L19
 378 00ce 00C0      		rjmp .L24
 379               	.L18:
 101:/Users/emil/OneDrive - HTBLA Kaindorf/Zweiradprüfstand/Software/Zweiradpruefstand/Zweiradpruefstand_AVR/Zweiradpruefstand_AVR/mon.c ****     {
 102:/Users/emil/OneDrive - HTBLA Kaindorf/Zweiradprüfstand/Software/Zweiradpruefstand/Zweiradpruefstand_AVR/Zweiradpruefstand_AVR/mon.c ****         case 0:
 103:/Users/emil/OneDrive - HTBLA Kaindorf/Zweiradprüfstand/Software/Zweiradpruefstand/Zweiradpruefstand_AVR/Zweiradpruefstand_AVR/mon.c ****             printf("   | "); sys_printBin(app.flags_u8, 0);
 381               	.LM27:
 382 00d0 80E0      		ldi r24,lo8(.LC4)
 383 00d2 90E0      		ldi r25,hi8(.LC4)
 384 00d4 9F93      		push r25
 385 00d6 8F93      		push r24
 386 00d8 0E94 0000 		call printf
 387 00dc 8091 0000 		lds r24,app
 388 00e0 60E0      		ldi r22,0
 389 00e2 0E94 0000 		call sys_printBin
 104:/Users/emil/OneDrive - HTBLA Kaindorf/Zweiradprüfstand/Software/Zweiradpruefstand/Zweiradpruefstand_AVR/Zweiradpruefstand_AVR/mon.c ****             return 2;
 391               	.LM28:
 392 00e6 0F90      		pop __tmp_reg__
 393 00e8 0F90      		pop __tmp_reg__
 394 00ea 00C0      		rjmp .L23
 395               	.L19:
 396               	.LBB2:
 105:/Users/emil/OneDrive - HTBLA Kaindorf/Zweiradprüfstand/Software/Zweiradpruefstand/Zweiradpruefstand_AVR/Zweiradpruefstand_AVR/mon.c ****             
 106:/Users/emil/OneDrive - HTBLA Kaindorf/Zweiradprüfstand/Software/Zweiradpruefstand/Zweiradpruefstand_AVR/Zweiradpruefstand_AVR/mon.c ****         case 1:
 107:/Users/emil/OneDrive - HTBLA Kaindorf/Zweiradprüfstand/Software/Zweiradpruefstand/Zweiradpruefstand_AVR/Zweiradpruefstand_AVR/mon.c ****         {
 108:/Users/emil/OneDrive - HTBLA Kaindorf/Zweiradprüfstand/Software/Zweiradpruefstand/Zweiradpruefstand_AVR/Zweiradpruefstand_AVR/mon.c ****             static uint16_t cnt = 0;
 109:/Users/emil/OneDrive - HTBLA Kaindorf/Zweiradprüfstand/Software/Zweiradpruefstand/Zweiradpruefstand_AVR/Zweiradpruefstand_AVR/mon.c ****             if (keyPressed=='c')
 398               	.LM29:
 399 00ec 6336      		cpi r22,lo8(99)
 400 00ee 01F4      		brne .L20
 110:/Users/emil/OneDrive - HTBLA Kaindorf/Zweiradprüfstand/Software/Zweiradpruefstand/Zweiradpruefstand_AVR/Zweiradpruefstand_AVR/mon.c ****                 cnt = 0;
 402               	.LM30:
 403 00f0 1092 0000 		sts cnt.2178+1,__zero_reg__
 404 00f4 1092 0000 		sts cnt.2178,__zero_reg__
 405               	.L20:
 111:/Users/emil/OneDrive - HTBLA Kaindorf/Zweiradprüfstand/Software/Zweiradpruefstand/Zweiradpruefstand_AVR/Zweiradpruefstand_AVR/mon.c ****             printf("   |  0x%04x   ", cnt++);
 407               	.LM31:
 408 00f8 8091 0000 		lds r24,cnt.2178
 409 00fc 9091 0000 		lds r25,cnt.2178+1
 410 0100 9C01      		movw r18,r24
 411 0102 2F5F      		subi r18,-1
 412 0104 3F4F      		sbci r19,-1
 413 0106 3093 0000 		sts cnt.2178+1,r19
 414 010a 2093 0000 		sts cnt.2178,r18
 415 010e 9F93      		push r25
 416 0110 8F93      		push r24
 417 0112 80E0      		ldi r24,lo8(.LC5)
 418 0114 90E0      		ldi r25,hi8(.LC5)
 419 0116 9F93      		push r25
 420 0118 8F93      		push r24
 421 011a 0E94 0000 		call printf
 422               	.LBE2:
 112:/Users/emil/OneDrive - HTBLA Kaindorf/Zweiradprüfstand/Software/Zweiradpruefstand/Zweiradpruefstand_AVR/Zweiradpruefstand_AVR/mon.c ****         }
 113:/Users/emil/OneDrive - HTBLA Kaindorf/Zweiradprüfstand/Software/Zweiradpruefstand/Zweiradpruefstand_AVR/Zweiradpruefstand_AVR/mon.c ****             return 2;
 424               	.LM32:
 425 011e 0F90      		pop __tmp_reg__
 426 0120 0F90      		pop __tmp_reg__
 427 0122 0F90      		pop __tmp_reg__
 428 0124 0F90      		pop __tmp_reg__
 429               	.L23:
 430 0126 82E0      		ldi r24,lo8(2)
 431 0128 0895      		ret
 432               	.L24:
 114:/Users/emil/OneDrive - HTBLA Kaindorf/Zweiradprüfstand/Software/Zweiradpruefstand/Zweiradpruefstand_AVR/Zweiradpruefstand_AVR/mon.c ****             
 115:/Users/emil/OneDrive - HTBLA Kaindorf/Zweiradprüfstand/Software/Zweiradpruefstand/Zweiradpruefstand_AVR/Zweiradpruefstand_AVR/mon.c ****         default: return -1;
 434               	.LM33:
 435 012a 8FEF      		ldi r24,lo8(-1)
 116:/Users/emil/OneDrive - HTBLA Kaindorf/Zweiradprüfstand/Software/Zweiradpruefstand/Zweiradpruefstand_AVR/Zweiradpruefstand_AVR/mon.c ****     }
 117:/Users/emil/OneDrive - HTBLA Kaindorf/Zweiradprüfstand/Software/Zweiradpruefstand/Zweiradpruefstand_AVR/Zweiradpruefstand_AVR/mon.c **** }
 437               	.LM34:
 438 012c 0895      		ret
 443               	.Lscope7:
 444               		.local	cnt.2178
 445               		.comm	cnt.2178,2,1
 446               		.comm	mon,1,1
 447               	.global	MON_PMEMSTR_CMDS
 448               		.section	.progmem.data,"a",@progbits
 451               	MON_PMEMSTR_CMDS:
 452 0000 0000      		.word	MON_PMEM_CMD_INFO
 453 0002 0000      		.word	gs(mon_cmd_info)
 454 0004 0000      		.word	MON_PMEM_CMD_TEST
 455 0006 0000      		.word	gs(mon_cmd_test)
 456               	.global	MON_PMEM_CMD_TEST
 459               	MON_PMEM_CMD_TEST:
 460 0008 7465 7374 		.string	"test"
 460      00
 461 000d 636F 6D6D 		.string	"commando for test"
 461      616E 646F 
 461      2066 6F72 
 461      2074 6573 
 461      7400 
 462 001f 7465 7374 		.string	"test"
 462      00
 463               	.global	MON_PMEM_CMD_INFO
 466               	MON_PMEM_CMD_INFO:
 467 0024 696E 666F 		.string	"info"
 467      00
 468 0029 4170 706C 		.string	"Application infos"
 468      6963 6174 
 468      696F 6E20 
 468      696E 666F 
 468      7300 
 469 003b 696E 666F 		.string	"info"
 469      00
 470               	.global	MON_LINE_WELCOME
 473               	MON_LINE_WELCOME:
 474 0040 4C69 6E65 		.string	"Line-Mode: CTRL-X, CTRL-Y, CTRL-C, Return  \n\r"
 474      2D4D 6F64 
 474      653A 2043 
 474      5452 4C2D 
 474      582C 2043 
 480               		.text
 482               	.Letext0:
 483               		.ident	"GCC: (GNU) 4.8.1"
 484               	.global __do_copy_data
 485               	.global __do_clear_bss
DEFINED SYMBOLS
                            *ABS*:00000000 mon.c
/var/folders/n0/nrv0hhms1cx0j69_hx06fj7r0000gn/T//ccAUrydH.s:2      *ABS*:0000003e __SP_H__
/var/folders/n0/nrv0hhms1cx0j69_hx06fj7r0000gn/T//ccAUrydH.s:3      *ABS*:0000003d __SP_L__
/var/folders/n0/nrv0hhms1cx0j69_hx06fj7r0000gn/T//ccAUrydH.s:4      *ABS*:0000003f __SREG__
/var/folders/n0/nrv0hhms1cx0j69_hx06fj7r0000gn/T//ccAUrydH.s:5      *ABS*:00000000 __tmp_reg__
/var/folders/n0/nrv0hhms1cx0j69_hx06fj7r0000gn/T//ccAUrydH.s:6      *ABS*:00000001 __zero_reg__
/var/folders/n0/nrv0hhms1cx0j69_hx06fj7r0000gn/T//ccAUrydH.s:132    .text:00000000 mon_cmd_test
/var/folders/n0/nrv0hhms1cx0j69_hx06fj7r0000gn/T//ccAUrydH.s:210    .text:0000005e mon_cmd_info
/var/folders/n0/nrv0hhms1cx0j69_hx06fj7r0000gn/T//ccAUrydH.s:245    .text:0000007e mon_init
                            *COM*:00000001 mon
/var/folders/n0/nrv0hhms1cx0j69_hx06fj7r0000gn/T//ccAUrydH.s:262    .text:00000084 mon_main
/var/folders/n0/nrv0hhms1cx0j69_hx06fj7r0000gn/T//ccAUrydH.s:276    .text:00000086 mon_getCmdCount
/var/folders/n0/nrv0hhms1cx0j69_hx06fj7r0000gn/T//ccAUrydH.s:300    .text:0000008a mon_printLineHeader
/var/folders/n0/nrv0hhms1cx0j69_hx06fj7r0000gn/T//ccAUrydH.s:473    .progmem.data:00000040 MON_LINE_WELCOME
/var/folders/n0/nrv0hhms1cx0j69_hx06fj7r0000gn/T//ccAUrydH.s:364    .text:000000c6 mon_printLine
                             .bss:00000000 cnt.2178
/var/folders/n0/nrv0hhms1cx0j69_hx06fj7r0000gn/T//ccAUrydH.s:451    .progmem.data:00000000 MON_PMEMSTR_CMDS
/var/folders/n0/nrv0hhms1cx0j69_hx06fj7r0000gn/T//ccAUrydH.s:466    .progmem.data:00000024 MON_PMEM_CMD_INFO
/var/folders/n0/nrv0hhms1cx0j69_hx06fj7r0000gn/T//ccAUrydH.s:459    .progmem.data:00000008 MON_PMEM_CMD_TEST

UNDEFINED SYMBOLS
printf
sys
sys_printHexBin8
sys_newline
sys_printString_P
app
sys_printBin
__do_copy_data
__do_clear_bss
